0 verbose cli /Users/bppleman/.local/share/fnm/node-versions/v24.18.0/installation/bin/node /Users/bppleman/.local/state/fnm_multishells/57342_1784261057695/bin/npm
1 info using npm@11.16.0
2 info using node@v24.18.0
3 silly config load:file:/Users/bppleman/.local/share/fnm/node-versions/v24.18.0/installation/lib/node_modules/npm/npmrc
4 silly config load:file:/Users/bppleman/RustroverProjects/faculator/prototype/.npmrc
5 silly config load:file:/Users/bppleman/.npmrc
6 silly config load:file:/Users/bppleman/RustroverProjects/faculator/prototype/etc/npmrc
7 verbose title npm ls
8 verbose argv "--prefix" "prototype" "ls" "--depth" "0"
9 verbose logfile logs-max:10 dir:/Users/bppleman/RustroverProjects/faculator/prototype/.npm-cache/_logs/2026-07-17T16_39_45_213Z-
10 verbose logfile /Users/bppleman/RustroverProjects/faculator/prototype/.npm-cache/_logs/2026-07-17T16_39_45_213Z-debug-0.log
11 silly logfile start cleaning logs, removing 1 files
12 silly packumentCache heap:4496293888 maxSize:1124073472 maxEntrySize:562036736
13 silly logfile done cleaning log files
14 verbose shrinkwrap failed to load node_modules/.package-lock.json out of date, updated: node_modules
15 verbose cwd /Users/bppleman/RustroverProjects/faculator
16 verbose os Darwin 25.3.0
17 verbose node v24.18.0
18 verbose npm  v11.16.0
19 verbose exit 0
20 info ok
